To honour the JVM settings for this build a single-use Daemon process will be forked. For more on this, please refer to https://docs.gradle.org/8.11/userguide/gradle_daemon.html#sec:disabling_the_daemon in the Gradle documentation.
Daemon will be stopped at the end of the build 
> Task :buildSrc:extractPluginRequests UP-TO-DATE
> Task :buildSrc:generatePluginAdapters UP-TO-DATE
> Task :buildSrc:compileJava UP-TO-DATE
> Task :buildSrc:compileGroovy NO-SOURCE
> Task :buildSrc:compileGroovyPlugins UP-TO-DATE
> Task :buildSrc:pluginDescriptors UP-TO-DATE
> Task :buildSrc:processResources UP-TO-DATE
> Task :buildSrc:classes UP-TO-DATE
> Task :buildSrc:jar UP-TO-DATE

> Configure project :fabric
Fabric Loom: 1.9.2

> Task :common:createMinecraftArtifacts UP-TO-DATE
> Task :common:compileJava UP-TO-DATE
> Task :fabric:compileJava
> Task :fabric:processResources UP-TO-DATE
> Task :fabric:classes
> Task :fabric:jar
> Task :fabric:javadoc SKIPPED
> Task :fabric:javadocJar UP-TO-DATE
> Task :fabric:compileTestJava NO-SOURCE
> Task :fabric:processIncludeJars UP-TO-DATE
> Task :fabric:sourcesJar
> Task :common:processResources UP-TO-DATE
> Task :common:classes UP-TO-DATE
> Task :common:jarJar NO-SOURCE
> Task :common:jar UP-TO-DATE
> Task :common:reobfJar UP-TO-DATE
> Task :fabric:processTestResources NO-SOURCE
> Task :fabric:testClasses UP-TO-DATE
> Task :fabric:test NO-SOURCE
> Task :fabric:validateAccessWidener NO-SOURCE
> Task :fabric:check UP-TO-DATE
> Task :fabric:remapJar
> Task :fabric:remapSourcesJar
> Task :fabric:assemble
> Task :fabric:build

BUILD SUCCESSFUL in 29s
20 actionable tasks: 5 executed, 15 up-to-date
