WARNING: A restricted method in java.lang.System has been called
WARNING: java.lang.System::load has been called by net.rubygrapefruit.platform.internal.NativeLibraryLoader in an unnamed module (file:/C:/Users/MKIII/.gradle/wrapper/dists/gradle-8.11-bin/c4te04g51qsyw1bxcb929u7br/gradle-8.11/lib/native-platform-0.22-milestone-26.jar)
WARNING: Use --enable-native-access=ALL-UNNAMED to avoid a warning for callers in this module
WARNING: Restricted methods will be blocked in a future release unless native access is enabled

To honour the JVM settings for this build a single-use Daemon process will be forked. For more on this, please refer to https://docs.gradle.org/8.11/userguide/gradle_daemon.html#sec:disabling_the_daemon in the Gradle documentation.
Daemon will be stopped at the end of the build 
> Task :buildSrc:extractPluginRequests UP-TO-DATE
> Task :buildSrc:generatePluginAdapters UP-TO-DATE
> Task :buildSrc:compileJava UP-TO-DATE
> Task :buildSrc:compileGroovy NO-SOURCE
> Task :buildSrc:compileGroovyPlugins UP-TO-DATE
> Task :buildSrc:pluginDescriptors UP-TO-DATE
> Task :buildSrc:processResources UP-TO-DATE
> Task :buildSrc:classes UP-TO-DATE
> Task :buildSrc:jar UP-TO-DATE

> Configure project :fabric
Fabric Loom: 1.9.2

> Task :common:createMinecraftArtifacts UP-TO-DATE
> Task :common:compileJava UP-TO-DATE
> Task :common:processResources UP-TO-DATE
> Task :common:classes UP-TO-DATE
> Task :common:jarJar NO-SOURCE
> Task :common:jar UP-TO-DATE
> Task :common:javadoc SKIPPED
> Task :common:javadocJar UP-TO-DATE
> Task :common:reobfJar UP-TO-DATE
> Task :common:sourcesJar UP-TO-DATE
> Task :common:assemble UP-TO-DATE
> Task :common:compileTestJava NO-SOURCE
> Task :common:processTestResources NO-SOURCE
> Task :common:testClasses UP-TO-DATE
> Task :common:test NO-SOURCE
> Task :common:check UP-TO-DATE
> Task :common:build UP-TO-DATE
> Task :fabric:compileJava UP-TO-DATE
> Task :fabric:processResources
> Task :fabric:classes
> Task :fabric:jar
> Task :fabric:javadoc SKIPPED
> Task :fabric:javadocJar UP-TO-DATE
> Task :fabric:compileTestJava NO-SOURCE
> Task :fabric:processIncludeJars UP-TO-DATE
> Task :fabric:sourcesJar
> Task :fabric:processTestResources NO-SOURCE
> Task :fabric:testClasses UP-TO-DATE
> Task :fabric:test NO-SOURCE
> Task :fabric:validateAccessWidener NO-SOURCE
> Task :fabric:check UP-TO-DATE
> Task :fabric:remapJar
> Task :fabric:remapSourcesJar
> Task :fabric:assemble
> Task :fabric:build

BUILD SUCCESSFUL in 23s
22 actionable tasks: 5 executed, 17 up-to-date
