To honour the JVM settings for this build a single-use Daemon process will be forked. For more on this, please refer to https://docs.gradle.org/8.11/userguide/gradle_daemon.html#sec:disabling_the_daemon in the Gradle documentation.
Daemon will be stopped at the end of the build 
> Task :buildSrc:extractPluginRequests UP-TO-DATE
> Task :buildSrc:generatePluginAdapters UP-TO-DATE
> Task :buildSrc:compileJava UP-TO-DATE
> Task :buildSrc:compileGroovy NO-SOURCE
> Task :buildSrc:compileGroovyPlugins UP-TO-DATE
> Task :buildSrc:pluginDescriptors UP-TO-DATE
> Task :buildSrc:processResources UP-TO-DATE
> Task :buildSrc:classes UP-TO-DATE
> Task :buildSrc:jar UP-TO-DATE

> Configure project :fabric
Fabric Loom: 1.9.2

> Task :common:createMinecraftArtifacts
Loaded 98 artifacts from E:\Mod\maid_file_manager-fabric-1.20\common\build\tmp\createMinecraftArtifacts\nfrt_artifact_manifest.properties
[1m*** Started working on [4mdownloadJson[0m[0m
 [1m[92mDONE [0m Completed [4mdownloadJson[0m in 0.03s
[1m*** Started working on [4mdownloadClient[0m[0m
[1m*** Started working on [4mdownloadClientMappings[0m[0m
[1m*** Started working on [4mdownloadServer[0m[0m
[1m*** Started working on [4mlistLibraries[0m[0m
 [1m[92mREUSE[0m Used cache of [4mlistLibraries[0m in 0.00s
 [1m[92mDONE [0m Completed [4mdownloadClient[0m in 0.05s
 [1m[92mDONE [0m Completed [4mdownloadServer[0m in 0.05s
 [1m[92mDONE [0m Completed [4mdownloadClientMappings[0m in 0.05s
[1m*** Started working on [4mmergeMappings[0m[0m
 [1m[92mREUSE[0m Used cache of [4mmergeMappings[0m in 0.00s
[1m*** Started working on [4mcreateMappings[0m[0m
 [1m[92mREUSE[0m Used cache of [4mcreateMappings[0m in 0.00s
[1m*** Started working on [4mstripClient[0m[0m
 [1m[92mREUSE[0m Used cache of [4mstripClient[0m in 0.00s
[1m*** Started working on [4mextractServer[0m[0m
 [1m[92mREUSE[0m Used cache of [4mextractServer[0m in 0.00s
[1m*** Started working on [4mstripServer[0m[0m
 [1m[92mREUSE[0m Used cache of [4mstripServer[0m in 0.00s
[1m*** Started working on [4mmerge[0m[0m
 [1m[92mREUSE[0m Used cache of [4mmerge[0m in 0.00s
[1m*** Started working on [4mrename[0m[0m
 [1m[92mREUSE[0m Used cache of [4mrename[0m in 0.00s
[1m*** Started working on [4mdecompile[0m[0m
 [1m[92mREUSE[0m Used cache of [4mdecompile[0m in 0.00s
[1m*** Started working on [4minject[0m[0m
 [1m[92mREUSE[0m Used cache of [4minject[0m in 0.00s
[1m*** Started working on [4mpatch[0m[0m
 [1m[92mREUSE[0m Used cache of [4mpatch[0m in 0.00s
[1m*** Started working on [4mremapSrgSourcesToOfficial[0m[0m
 [1m[92mREUSE[0m Used cache of [4mremapSrgSourcesToOfficial[0m in 0.00s
[1m*** Started working on [4mapplyParchment[0m[0m
 [1m[92mREUSE[0m Used cache of [4mapplyParchment[0m in 0.00s
[1m*** Started working on [4mrecompile[0m[0m
 [1m[92mREUSE[0m Used cache of [4mrecompile[0m in 0.00s
[1m*** Started working on [4mmergeWithSources[0m[0m
 [1m[92mREUSE[0m Used cache of [4mmergeWithSources[0m in 0.00s
Total runtime: 1.29s


> Task :common:compileJava

> Task :fabric:compileJava

> Task :fabric:processResources
> Task :fabric:classes
> Task :fabric:jar
> Task :fabric:javadoc SKIPPED
> Task :fabric:javadocJar
> Task :fabric:compileTestJava NO-SOURCE
> Task :fabric:processIncludeJars
> Task :fabric:sourcesJar
> Task :common:processResources
> Task :common:classes
> Task :common:jarJar NO-SOURCE
> Task :common:jar
> Task :common:reobfJar
> Task :fabric:processTestResources NO-SOURCE
> Task :fabric:testClasses UP-TO-DATE
> Task :fabric:test NO-SOURCE
> Task :fabric:validateAccessWidener NO-SOURCE
> Task :fabric:check UP-TO-DATE
> Task :fabric:remapJar
> Task :fabric:remapSourcesJar
> Task :fabric:assemble
> Task :fabric:build
[Incubating] Problems report is available at: file:///E:/Mod/maid_file_manager-fabric-1.20/build/reports/problems/problems-report.html

BUILD SUCCESSFUL in 39s
20 actionable tasks: 13 executed, 7 up-to-date
