#
# There is insufficient memory for the Java Runtime Environment to continue.
# Native memory allocation (mmap) failed to map 373293056 bytes for G1 virtual space
# Possible reasons:
#   The system is out of physical RAM or swap space
#   The process is running with CompressedOops enabled, and the Java Heap may be blocking the growth of the native heap
# Possible solutions:
#   Reduce memory load on the system
#   Increase physical memory or swap space
#   Check if swap backing store is full
#   Decrease Java heap size (-Xmx/-Xms)
#   Decrease number of Java threads
#   Decrease Java thread stack sizes (-Xss)
#   Set larger code cache with -XX:ReservedCodeCacheSize=
#   JVM is running with Zero Based Compressed Oops mode in which the Java heap is
#     placed in the first 32GB address space. The Java Heap base address is the
#     maximum limit for the native heap growth. Please use -XX:HeapBaseMinAddress
#     to set the Java Heap base and to place the Java Heap above 32GB virtual address.
# This output file may be truncated or incomplete.
#
#  Out of Memory Error (os_windows.cpp:3469), pid=62272, tid=61772
#
# JRE version: Java(TM) SE Runtime Environment (17.0+35) (build 17+35-LTS-2724)
# Java VM: Java HotSpot(TM) 64-Bit Server VM (17+35-LTS-2724, mixed mode, sharing, tiered, compressed oops, compressed class ptrs, g1 gc, windows-amd64)
# No core dump will be written. Minidumps are not enabled by default on client versions of Windows
#

---------------  S U M M A R Y ------------

Command Line: -Dstderr.encoding=UTF-8 -Dstdout.encoding=UTF-8 -Dfile.encoding=UTF-8 -Duser.country=CN -Duser.language=zh -Duser.variant C:\Users\MKIII\.gradle\caches\modules-2\files-2.1\net.neoforged\AutoRenamingTool\2.0.4\12da27cc4caf32e429af9a91f79e1f66a965e667\AutoRenamingTool-2.0.4-all.jar --input E:\Mod\maid_file_manager-fabric-1.20\common\build\devlibs\maid_file_manager-common-1.20.1-1.2.0.jar --output E:\Mod\maid_file_manager-fabric-1.20\common\build\libs\maid_file_manager-common-1.20.1-1.2.0.jar --names E:\Mod\maid_file_manager-fabric-1.20\common\build\moddev\artifacts\namedToIntermediate.tsrg --lib E:\Mod\maid_file_manager-fabric-1.20\libs\touhoulittlemaid-1.5.3.jar --lib E:\Mod\maid_file_manager-fabric-1.20\common\build\moddev\artifacts\vanilla-1.20.1.jar --lib C:\Users\MKIII\.gradle\caches\modules-2\files-2.1\org.spongepowered\mixin\0.8.5\9d1c0c3a304ae6697ecd477218fa61b850bf57fc\mixin-0.8.5.jar --lib C:\Users\MKIII\.gradle\caches\modules-2\files-2.1\com.google.code.findbugs\jsr305\3.0.2\25ea2e8b0c338a877313bd4672d3fe056ea78f0d\jsr305-3.0.2.jar --lib C:\Users\MKIII\.gradle\caches\modules-2\files-2.1\ca.weblite\java-objc-bridge\1.1\1227f9e0666314f9de41477e3ec277e542ed7f7b\java-objc-bridge-1.1.jar --lib C:\Users\MKIII\.gradle\caches\modules-2\files-2.1\net.minecraftforge\mergetool\1.1.7\fe2225c1a7834ee20d5a1e2630bcca798367d962\mergetool-1.1.7.jar --lib C:\Users\MKIII\.gradle\caches\modules-2\files-2.1\org.jetbrains\annotations\24.0.1\13c5c75c4206580aa4d683bffee658caae6c9f43\annotations-24.0.1.jar --lib C:\Users\MKIII\.gradle\caches\modules-2\files-2.1\net.java.dev.jna\jna\5.10.0\7cf4c87dd802db50721db66947aa237d7ad09418\jna-5.10.0.jar --lib C:\Users\MKIII\.gradle\caches\modules-2\files-2.1\com.github.oshi\oshi-core\6.2.2\54f5efc19bca95d709d9a37d19ffcbba3d21c1a6\oshi-core-6.2.2.jar --lib C:\Users\MKIII\.gradle\caches\modules-2\files-2.1\com.google.code.gson\gson\2.10\dd9b193aef96e973d5a11ab13cd17430c2e4306b\gson-2.10.jar --lib C:\Users\MKIII\.gradle\caches\modules-2\files-2.1\com.google.guava\failureaccess\1.0.1\1dcf1de382a0bf95a3d8b0849546c88bac1292c9\failureaccess-1.0.1.jar --lib C:\Users\MKIII\.gradle\caches\modules-2\files-2.1\com.google.guava\guava\31.1-jre\60458f877d055d0c9114d9e1a2efb737b4bc282c\guava-31.1-jre.jar --lib C:\Users\MKIII\.gradle\caches\modules-2\files-2.1\com.ibm.icu\icu4j\71.1\9e7d3304c23f9ba5cb71915f7cce23231a57a445\icu4j-71.1.jar --lib C:\Users\MKIII\.gradle\caches\modules-2\files-2.1\com.mojang\authlib\4.0.43\2ff9d747a77570a07a60d32ac77eb6162ad2a2d9\authlib-4.0.43.jar --lib C:\Users\MKIII\.gradle\caches\modules-2\files-2.1\com.mojang\blocklist\1.0.10\5c685c5ffa94c4cd39496c7184c1d122e515ecef\blocklist-1.0.10.jar --lib C:\Users\MKIII\.gradle\caches\modules-2\files-2.1\com.mojang\brigadier\1.1.8\5244ce82c3337bba4a196a3ce858bfaecc74404a\brigadier-1.1.8.jar --lib C:\Users\MKIII\.gradle\caches\modules-2\files-2.1\com.mojang\datafixerupper\6.0.8\3ba4a30557a9b057760af4011f909ba619fc5125\datafixerupper-6.0.8.jar --lib C:\Users\MKIII\.gradle\caches\modules-2\files-2.1\com.mojang\logging\1.1.1\832b8e6674a9b325a5175a3a6267dfaf34c85139\logging-1.1.1.jar --lib C:\Users\MKIII\.gradle\caches\modules-2\files-2.1\com.mojang\patchy\2.2.10\da05971b07cbb379d002cf7eaec6a2048211fefc\patchy-2.2.10.jar --lib C:\Users\MKIII\.gradle\caches\modules-2\files-2.1\com.mojang\text2speech\1.17.9\3cad216e3a7f0c19b4b394388bc9ffc446f13b14\text2speech-1.17.9.jar --lib C:\Users\MKIII\.gradle\caches\modules-2\files-2.1\commons-codec\commons-codec\1.15\49d94806b6e3dc933dacbd8acb0fdbab8ebd1e5d\commons-codec-1.15.jar --lib C:\Users\MKIII\.gradle\caches\modules-2\files-2.1\commons-io\commons-io\2.11.0\a2503f302b11ebde7ebc3df41daebe0e4eea3689\commons-io-2.11.0.jar --lib C:\Users\MKIII\.gradle\caches\modules-2\files-2.1\commons-logging\commons-logging\1.2\4bfc12adfe4842bf07b657f0369c4cb522955686\commons-logging-1.2.jar --lib C:\Users\MKIII\.gradle\caches\modules-2\files-2.1\io.netty\netty-buffer\4.1.82.Final\a544270cf1ae8b8077082f5036436a9a9971ea71\netty-buffer-4.1.82.Final.jar --lib C:\Users\MKIII\.gradle\caches\modules-2\files-2.1\io.netty\netty-codec\4.1.82.Final\b77200379acb345a9ffdece1c605e591ac3e4e0a\netty-codec-4.1.82.Final.jar --lib C:\Users\MKIII\.gradle\caches\modules-2\files-2.1\io.netty\netty-common\4.1.82.Final\22d148e85c3f5ebdacc0ce1f5aabb1d420f73f3\netty-common-4.1.82.Final.jar --lib C:\Users\MKIII\.gradle\caches\modules-2\files-2.1\io.netty\netty-handler\4.1.82.Final\644041d1fa96a5d3130a29e8978630d716d76e38\netty-handler-4.1.82.Final.jar --lib C:\Users\MKIII\.gradle\caches\modules-2\files-2.1\io.netty\netty-resolver\4.1.82.Final\38f665ae8dcd29032eea31245ba7806bed2e0fa8\netty-resolver-4.1.82.Final.jar --lib C:\Users\MKIII\.gradle\caches\modules-2\files-2.1\io.netty\netty-transport-classes-epoll\4.1.82.Final\e7c7dd18deac93105797f30057c912651ea76521\netty-transport-classes-epoll-4.1.82.Final.jar --lib C:\Users\MKIII\.gradle\caches\modules-2\files-2.1\io.netty\netty-transport-native-unix-common\4.1.82.Final\3e895b35ca1b8a0eca56cacff4c2dde5d2c6abce\netty-transport-native-unix-common-4.1.82.Final.jar --lib C:\Users\MKIII\.gradle\caches\modules-2\files-2.1\io.netty\netty-transport\4.1.82.Final\e431a218d91acb6476ccad5f5aafde50aa3945ca\netty-transport-4.1.82.Final.jar --lib C:\Users\MKIII\.gradle\caches\modules-2\files-2.1\it.unimi.dsi\fastutil\8.5.9\bb7ea75ecdb216654237830b3a96d87ad91f8cc5\fastutil-8.5.9.jar --lib C:\Users\MKIII\.gradle\caches\modules-2\files-2.1\net.java.dev.jna\jna-platform\5.12.1\97406a297c852f4a41e688a176ec675f72e8329\jna-platform-5.12.1.jar --lib C:\Users\MKIII\.gradle\caches\modules-2\files-2.1\net.sf.jopt-simple\jopt-simple\5.0.4\4fdac2fbe92dfad86aa6e9301736f6b4342a3f5c\jopt-simple-5.0.4.jar --lib C:\Users\MKIII\.gradle\caches\modules-2\files-2.1\org.apache.commons\commons-compress\1.21\4ec95b60d4e86b5c95a0e919cb172a0af98011ef\commons-compress-1.21.jar --lib C:\Users\MKIII\.gradle\caches\modules-2\files-2.1\org.apache.commons\commons-lang3\3.12.0\c6842c86792ff03b9f1d1fe2aab8dc23aa6c6f0e\commons-lang3-3.12.0.jar --lib C:\Users\MKIII\.gradle\caches\modules-2\files-2.1\org.apache.httpcomponents\httpclient\4.5.13\e5f6cae5ca7ecaac1ec2827a9e2d65ae2869cada\httpclient-4.5.13.jar --lib C:\Users\MKIII\.gradle\caches\modules-2\files-2.1\org.apache.httpcomponents\httpcore\4.4.15\7f2e0c573eaa7a74bac2e89b359e1f73d92a0a1d\httpcore-4.4.15.jar --lib C:\Users\MKIII\.gradle\caches\modules-2\files-2.1\org.apache.logging.log4j\log4j-api\2.19.0\ea1b37f38c327596b216542bc636cfdc0b8036fa\log4j-api-2.19.0.jar --lib C:\Users\MKIII\.gradle\caches\modules-2\files-2.1\org.apache.logging.log4j\log4j-core\2.19.0\3b6eeb4de4c49c0fe38a4ee27188ff5fee44d0bb\log4j-core-2.19.0.jar --lib C:\Users\MKIII\.gradle\caches\modules-2\files-2.1\org.apache.logging.log4j\log4j-slf4j2-impl\2.19.0\5c04bfdd63ce9dceb2e284b81e96b6a70010ee10\log4j-slf4j2-impl-2.19.0.jar --lib C:\Users\MKIII\.gradle\caches\modules-2\files-2.1\org.joml\joml\1.10.5\22566d58af70ad3d72308bab63b8339906deb649\joml-1.10.5.jar --lib C:\Users\MKIII\.gradle\caches\modules-2\files-2.1\org.lwjgl\lwjgl-glfw\3.3.1\cbac1b8d30cb4795149c1ef540f912671a8616d0\lwjgl-glfw-3.3.1.jar --lib C:\Users\MKIII\.gradle\caches\modules-2\files-2.1\org.lwjgl\lwjgl-jemalloc\3.3.1\a817bcf213db49f710603677457567c37d53e103\lwjgl-jemalloc-3.3.1.jar --lib C:\Users\MKIII\.gradle\caches\modules-2\files-2.1\org.lwjgl\lwjgl-openal\3.3.1\2623a6b8ae1dfcd880738656a9f0243d2e6840bd\lwjgl-openal-3.3.1.jar --lib C:\Users\MKIII\.gradle\caches\modules-2\files-2.1\org.lwjgl\lwjgl-opengl\3.3.1\831a5533a21a5f4f81bbc51bb13e9899319b5411\lwjgl-opengl-3.3.1.jar --lib C:\Users\MKIII\.gradle\caches\modules-2\files-2.1\org.lwjgl\lwjgl-stb\3.3.1\b119297cf8ed01f247abe8685857f8e7fcf5980f\lwjgl-stb-3.3.1.jar --lib C:\Users\MKIII\.gradle\caches\modules-2\files-2.1\org.lwjgl\lwjgl-tinyfd\3.3.1\ff1914111ef2e3e0110ef2dabc8d8cdaad82347\lwjgl-tinyfd-3.3.1.jar --lib C:\Users\MKIII\.gradle\caches\modules-2\files-2.1\org.lwjgl\lwjgl\3.3.1\ae58664f88e18a9bb2c77b063833ca7aaec484cb\lwjgl-3.3.1.jar --lib C:\Users\MKIII\.gradle\caches\modules-2\files-2.1\org.slf4j\slf4j-api\2.0.1\f48d81adce2abf5ad3cfe463df517952749e03bc\slf4j-api-2.0.1.jar --disable-abstract-param --strip-sigs

Host: 13th Gen Intel(R) Core(TM) i9-13900HX, 32 cores, 31G,  Windows 10 , 64 bit Build 26100 (10.0.26100.9168)
Time: Sun Aug 30 17:29:41 2026  Windows 10 , 64 bit Build 26100 (10.0.26100.9168) elapsed time: 2.117078 seconds (0d 0h 0m 2s)

---------------  T H R E A D  ---------------

Current thread (0x0000016c7f94ff80):  VMThread "VM Thread" [stack: 0x0000000cc1200000,0x0000000cc1300000] [id=61772]

Stack: [0x0000000cc1200000,0x0000000cc1300000]
Native frames: (J=compiled Java code, j=interpreted, Vv=VM code, C=native code)
V  [jvm.dll+0x66f8ea]
V  [jvm.dll+0x7ce224]
V  [jvm.dll+0x7cf9ce]
V  [jvm.dll+0x7d0033]
V  [jvm.dll+0x242bb5]
V  [jvm.dll+0x66c909]
V  [jvm.dll+0x6613d2]
V  [jvm.dll+0x30082b]
V  [jvm.dll+0x307db6]
V  [jvm.dll+0x357a0e]
V  [jvm.dll+0x357c3f]
V  [jvm.dll+0x2d7ae8]
V  [jvm.dll+0x2d5db4]
V  [jvm.dll+0x2d53bc]
V  [jvm.dll+0x318d1b]
V  [jvm.dll+0x7d44cb]
V  [jvm.dll+0x7d5204]
V  [jvm.dll+0x7d571c]
V  [jvm.dll+0x7d5af4]
V  [jvm.dll+0x7d5bc0]
V  [jvm.dll+0x77e7ea]
V  [jvm.dll+0x66e715]
C  [ucrtbase.dll+0x2cd30]
C  [KERNEL32.DLL+0x2ccb7]
C  [ntdll.dll+0xaad6c]

VM_Operation (0x0000000cc0cfe2d0): G1CollectForAllocation, mode: safepoint, requested by thread 0x0000016c5a59f060


---------------  P R O C E S S  ---------------

Threads class SMR info:
_java_thread_list=0x0000016c0c0b16f0, length=18, elements={
0x0000016c5a59f060, 0x0000016c7f952020, 0x0000016c7f956570, 0x0000016c0aa54630,
0x0000016c0aa42010, 0x0000016c0aa428d0, 0x0000016c0aa43190, 0x0000016c0aa43d80,
0x0000016c0aa54ef0, 0x0000016c0aa55400, 0x0000016c0ab1cbf0, 0x0000016c0ab4b0c0,
0x0000016c0ab53610, 0x0000016c0ab54f60, 0x0000016c0ab53b20, 0x0000016c0ab9bb10,
0x0000016c0ab55e90, 0x0000016c0ab54030
}

Java Threads: ( => current thread )
  0x0000016c5a59f060 JavaThread "main" [_thread_blocked, id=61084, stack(0x0000000cc0c00000,0x0000000cc0d00000)]
  0x0000016c7f952020 JavaThread "Reference Handler" daemon [_thread_blocked, id=61780, stack(0x0000000cc1300000,0x0000000cc1400000)]
  0x0000016c7f956570 JavaThread "Finalizer" daemon [_thread_blocked, id=61664, stack(0x0000000cc1400000,0x0000000cc1500000)]
  0x0000016c0aa54630 JavaThread "Signal Dispatcher" daemon [_thread_blocked, id=61580, stack(0x0000000cc1500000,0x0000000cc1600000)]
  0x0000016c0aa42010 JavaThread "Attach Listener" daemon [_thread_blocked, id=61576, stack(0x0000000cc1600000,0x0000000cc1700000)]
  0x0000016c0aa428d0 JavaThread "Service Thread" daemon [_thread_blocked, id=61572, stack(0x0000000cc1700000,0x0000000cc1800000)]
  0x0000016c0aa43190 JavaThread "Monitor Deflation Thread" daemon [_thread_blocked, id=61628, stack(0x0000000cc1800000,0x0000000cc1900000)]
  0x0000016c0aa43d80 JavaThread "C2 CompilerThread0" daemon [_thread_blocked, id=61624, stack(0x0000000cc1900000,0x0000000cc1a00000)]
  0x0000016c0aa54ef0 JavaThread "C1 CompilerThread0" daemon [_thread_blocked, id=61588, stack(0x0000000cc1a00000,0x0000000cc1b00000)]
  0x0000016c0aa55400 JavaThread "Sweeper thread" daemon [_thread_blocked, id=32664, stack(0x0000000cc1b00000,0x0000000cc1c00000)]
  0x0000016c0ab1cbf0 JavaThread "Notification Thread" daemon [_thread_blocked, id=61836, stack(0x0000000cc1c00000,0x0000000cc1d00000)]
  0x0000016c0ab4b0c0 JavaThread "C1 CompilerThread1" daemon [_thread_blocked, id=61932, stack(0x0000000cc1d00000,0x0000000cc1e00000)]
  0x0000016c0ab53610 JavaThread "C1 CompilerThread2" daemon [_thread_blocked, id=61928, stack(0x0000000cc1e00000,0x0000000cc1f00000)]
  0x0000016c0ab54f60 JavaThread "C1 CompilerThread3" daemon [_thread_blocked, id=61888, stack(0x0000000cc1f00000,0x0000000cc2000000)]
  0x0000016c0ab53b20 JavaThread "C1 CompilerThread4" daemon [_thread_blocked, id=61884, stack(0x0000000cc2000000,0x0000000cc2100000)]
  0x0000016c0ab9bb10 JavaThread "Common-Cleaner" daemon [_thread_blocked, id=61912, stack(0x0000000cc2200000,0x0000000cc2300000)]
  0x0000016c0ab55e90 JavaThread "C2 CompilerThread1" daemon [_thread_blocked, id=11804, stack(0x0000000cc2300000,0x0000000cc2400000)]
  0x0000016c0ab54030 JavaThread "C2 CompilerThread2" daemon [_thread_blocked, id=61916, stack(0x0000000cc2400000,0x0000000cc2500000)]

Other Threads:
=>0x0000016c7f94ff80 VMThread "VM Thread" [stack: 0x0000000cc1200000,0x0000000cc1300000] [id=61772]
  0x0000016c7f7800c0 WatcherThread [stack: 0x0000000cc2100000,0x0000000cc2200000] [id=61876]
  0x0000016c5a617d00 GCTaskThread "GC Thread#0" [stack: 0x0000000cc0d00000,0x0000000cc0e00000] [id=61264]
  0x0000016c0ad93250 GCTaskThread "GC Thread#1" [stack: 0x0000000cc2600000,0x0000000cc2700000] [id=61636]
  0x0000016c0ba7f3c0 GCTaskThread "GC Thread#2" [stack: 0x0000000cc2700000,0x0000000cc2800000] [id=61644]
  0x0000016c0babd940 GCTaskThread "GC Thread#3" [stack: 0x0000000cc2800000,0x0000000cc2900000] [id=61668]
  0x0000016c0b897540 GCTaskThread "GC Thread#4" [stack: 0x0000000cc2900000,0x0000000cc2a00000] [id=62364]
  0x0000016c0b8967d0 GCTaskThread "GC Thread#5" [stack: 0x0000000cc2a00000,0x0000000cc2b00000] [id=61788]
  0x0000016c0b896d30 GCTaskThread "GC Thread#6" [stack: 0x0000000cc2b00000,0x0000000cc2c00000] [id=61652]
  0x0000016c0b896520 GCTaskThread "GC Thread#7" [stack: 0x0000000cc2c00000,0x0000000cc2d00000] [id=61564]
  0x0000016c0b895fc0 GCTaskThread "GC Thread#8" [stack: 0x0000000cc2d00000,0x0000000cc2e00000] [id=46256]
  0x0000016c0b896fe0 GCTaskThread "GC Thread#9" [stack: 0x0000000cc2e00000,0x0000000cc2f00000] [id=38916]
  0x0000016c0b896270 GCTaskThread "GC Thread#10" [stack: 0x0000000cc2f00000,0x0000000cc3000000] [id=6260]
  0x0000016c0b8977f0 GCTaskThread "GC Thread#11" [stack: 0x0000000cc3000000,0x0000000cc3100000] [id=61480]
  0x0000016c5a5bc120 ConcurrentGCThread "G1 Main Marker" [stack: 0x0000000cc0e00000,0x0000000cc0f00000] [id=61116]
  0x0000016c5a62ad00 ConcurrentGCThread "G1 Conc#0" [stack: 0x0000000cc0f00000,0x0000000cc1000000] [id=61612]
  0x0000016c7f8857a0 ConcurrentGCThread "G1 Refine#0" [stack: 0x0000000cc1000000,0x0000000cc1100000] [id=61584]
  0x0000016c0ba629b0 ConcurrentGCThread "G1 Refine#1" [stack: 0x0000000cc3100000,0x0000000cc3200000] [id=62360]
  0x0000016c7f885f70 ConcurrentGCThread "G1 Service" [stack: 0x0000000cc1100000,0x0000000cc1200000] [id=61608]

Threads with active compile tasks:
C2 CompilerThread0     2145  944 %     4       jdk.nio.zipfs.ZipPath::getResolved @ 2 (62 bytes)
C1 CompilerThread0     2146  948       3       sun.nio.ch.FileChannelImpl::ensureOpen (16 bytes)
C1 CompilerThread1     2146  956   !   3       java.lang.Thread::blockedOn (27 bytes)
C1 CompilerThread2     2146  961       3       java.util.HashMap::putIfAbsent (13 bytes)
C1 CompilerThread3     2146  959       3       sun.nio.ch.Util::isBufferTooLarge (15 bytes)
C1 CompilerThread4     2146  954       3       java.nio.channels.spi.AbstractInterruptibleChannel::blockedOn (10 bytes)
C2 CompilerThread2     2146  945 %     4       jdk.nio.zipfs.ZipCoder$UTF8::toString @ 8 (49 bytes)

VM state: at safepoint (normal execution)

VM Mutex/Monitor currently owned by a thread:  ([mutex/lock_event])
[0x0000016c5a58c260] Threads_lock - owner thread: 0x0000016c7f94ff80
[0x0000016c5a59ba80] Heap_lock - owner thread: 0x0000016c5a59f060

Heap address: 0x0000000604000000, size: 8128 MB, Compressed Oops mode: Zero based, Oop shift amount: 3

CDS archive(s) mapped at: [0x0000000800000000-0x0000000800bc0000-0x0000000800bc0000), size 12320768, SharedBaseAddress: 0x0000000800000000, ArchiveRelocationMode: 0.
Compressed class space mapped at: 0x0000000800c00000-0x0000000840c00000, reserved size: 1073741824
Narrow klass base: 0x0000000800000000, Narrow klass shift: 0, Narrow klass range: 0x100000000

GC Precious Log:
 CPUs: 32 total, 32 available
 Memory: 32499M
 Large Page Support: Disabled
 NUMA Support: Disabled
 Compressed Oops: Enabled (Zero based)
 Heap Region Size: 4M
 Heap Min Capacity: 8M
 Heap Initial Capacity: 508M
 Heap Max Capacity: 8128M
 Pre-touch: Disabled
 Parallel Workers: 23
 Concurrent Workers: 6
 Concurrent Refinement Workers: 23
 Periodic GC: Disabled

Heap:
 garbage-first heap   total 520192K, used 90112K [0x0000000604000000, 0x0000000800000000)
  region size 4096K, 2 young (8192K), 2 survivors (8192K)
 Metaspace       used 2379K, committed 2560K, reserved 1056768K
  class space    used 237K, committed 320K, reserved 1048576K

Heap Regions: E=young(eden), S=young(survivor), O=old, HS=humongous(starts), HC=humongous(continues), CS=collection set, F=free, OA=open archive, CA=closed archive, TAMS=top-at-mark-start (previous, next)
|   0|0x0000000604000000, 0x0000000604400000, 0x0000000604400000|100%| O|  |TAMS 0x0000000604000000, 0x0000000604000000| Untracked 
|   1|0x0000000604400000, 0x0000000604800000, 0x0000000604800000|100%| O|  |TAMS 0x0000000604400000, 0x0000000604400000| Untracked 
|   2|0x0000000604800000, 0x0000000604c00000, 0x0000000604c00000|100%| O|  |TAMS 0x0000000604800000, 0x0000000604800000| Untracked 
|   3|0x0000000604c00000, 0x0000000605000000, 0x0000000605000000|100%| O|  |TAMS 0x0000000604c00000, 0x0000000604c00000| Untracked 
|   4|0x0000000605000000, 0x0000000605400000, 0x0000000605400000|100%| O|  |TAMS 0x0000000605000000, 0x0000000605000000| Untracked 
|   5|0x0000000605400000, 0x0000000605800000, 0x0000000605800000|100%| O|  |TAMS 0x0000000605400000, 0x0000000605400000| Untracked 
|   6|0x0000000605800000, 0x0000000605c00000, 0x0000000605c00000|100%| O|  |TAMS 0x0000000605800000, 0x0000000605800000| Untracked 
|   7|0x0000000605c00000, 0x0000000606000000, 0x0000000606000000|100%| O|  |TAMS 0x0000000605c00000, 0x0000000605c00000| Untracked 
|   8|0x0000000606000000, 0x0000000606400000, 0x0000000606400000|100%| O|  |TAMS 0x0000000606000000, 0x0000000606000000| Untracked 
|   9|0x0000000606400000, 0x0000000606800000, 0x0000000606800000|100%| O|  |TAMS 0x0000000606400000, 0x0000000606400000| Untracked 
|  10|0x0000000606800000, 0x0000000606c00000, 0x0000000606c00000|100%| O|  |TAMS 0x0000000606800000, 0x0000000606800000| Untracked 
|  11|0x0000000606c00000, 0x0000000607000000, 0x0000000607000000|100%| O|  |TAMS 0x0000000606c00000, 0x0000000606c00000| Untracked 
|  12|0x0000000607000000, 0x0000000607400000, 0x0000000607400000|100%| O|  |TAMS 0x0000000607000000, 0x0000000607000000| Untracked 
|  13|0x0000000607400000, 0x0000000607800000, 0x0000000607800000|100%| O|  |TAMS 0x0000000607400000, 0x0000000607400000| Untracked 
|  14|0x0000000607800000, 0x0000000607c00000, 0x0000000607c00000|100%| O|  |TAMS 0x0000000607800000, 0x0000000607800000| Untracked 
|  15|0x0000000607c00000, 0x0000000608000000, 0x0000000608000000|100%| O|  |TAMS 0x0000000607c00000, 0x0000000607c00000| Untracked 
|  16|0x0000000608000000, 0x0000000608400000, 0x0000000608400000|100%| O|  |TAMS 0x0000000608000000, 0x0000000608000000| Untracked 
|  17|0x0000000608400000, 0x0000000608800000, 0x0000000608800000|100%| O|  |TAMS 0x0000000608400000, 0x0000000608400000| Untracked 
|  18|0x0000000608800000, 0x0000000608c00000, 0x0000000608c00000|100%| O|  |TAMS 0x0000000608800000, 0x0000000608800000| Untracked 
|  19|0x0000000608c00000, 0x0000000609000000, 0x0000000609000000|100%| O|  |TAMS 0x0000000608c00000, 0x0000000608c00000| Untracked 
|  20|0x0000000609000000, 0x0000000609000000, 0x0000000609400000|  0%| F|  |TAMS 0x0000000609000000, 0x0000000609000000| Untracked 
|  21|0x0000000609400000, 0x0000000609400000, 0x0000000609800000|  0%| F|  |TAMS 0x0000000609400000, 0x0000000609400000| Untracked 
|  22|0x0000000609800000, 0x0000000609800000, 0x0000000609c00000|  0%| F|  |TAMS 0x0000000609800000, 0x0000000609800000| Untracked 
|  23|0x0000000609c00000, 0x0000000609c00000, 0x000000060a000000|  0%| F|  |TAMS 0x0000000609c00000, 0x0000000609c00000| Untracked 
|  24|0x000000060a000000, 0x000000060a000000, 0x000000060a400000|  0%| F|  |TAMS 0x000000060a000000, 0x000000060a000000| Untracked 
|  25|0x000000060a400000, 0x000000060a400000, 0x000000060a800000|  0%| F|  |TAMS 0x000000060a400000, 0x000000060a400000| Untracked 
|  26|0x000000060a800000, 0x000000060a800000, 0x000000060ac00000|  0%| F|  |TAMS 0x000000060a800000, 0x000000060a800000| Untracked 
|  27|0x000000060ac00000, 0x000000060ac00000, 0x000000060b000000|  0%| F|  |TAMS 0x000000060ac00000, 0x000000060ac00000| Untracked 
|  28|0x000000060b000000, 0x000000060b000000, 0x000000060b400000|  0%| F|  |TAMS 0x000000060b000000, 0x000000060b000000| Untracked 
|  29|0x000000060b400000, 0x000000060b400000, 0x000000060b800000|  0%| F|  |TAMS 0x000000060b400000, 0x000000060b400000| Untracked 
|  30|0x000000060b800000, 0x000000060b800000, 0x000000060bc00000|  0%| F|  |TAMS 0x000000060b800000, 0x000000060b800000| Untracked 
|  31|0x000000060bc00000, 0x000000060bc00000, 0x000000060c000000|  0%| F|  |TAMS 0x000000060bc00000, 0x000000060bc00000| Untracked 
|  32|0x000000060c000000, 0x000000060c000000, 0x000000060c400000|  0%| F|  |TAMS 0x000000060c000000, 0x000000060c000000| Untracked 
|  33|0x000000060c400000, 0x000000060c400000, 0x000000060c800000|  0%| F|  |TAMS 0x000000060c400000, 0x000000060c400000| Untracked 
|  34|0x000000060c800000, 0x000000060c800000, 0x000000060cc00000|  0%| F|  |TAMS 0x000000060c800000, 0x000000060c800000| Untracked 
|  35|0x000000060cc00000, 0x000000060cc00000, 0x000000060d000000|  0%| F|  |TAMS 0x000000060cc00000, 0x000000060cc00000| Untracked 
|  36|0x000000060d000000, 0x000000060d000000, 0x000000060d400000|  0%| F|  |TAMS 0x000000060d000000, 0x000000060d000000| Untracked 
|  37|0x000000060d400000, 0x000000060d400000, 0x000000060d800000|  0%| F|  |TAMS 0x000000060d400000, 0x000000060d400000| Untracked 
|  38|0x000000060d800000, 0x000000060d800000, 0x000000060dc00000|  0%| F|  |TAMS 0x000000060d800000, 0x000000060d800000| Untracked 
|  39|0x000000060dc00000, 0x000000060dc00000, 0x000000060e000000|  0%| F|  |TAMS 0x000000060dc00000, 0x000000060dc00000| Untracked 
|  40|0x000000060e000000, 0x000000060e000000, 0x000000060e400000|  0%| F|  |TAMS 0x000000060e000000, 0x000000060e000000| Untracked 
|  41|0x000000060e400000, 0x000000060e400000, 0x000000060e800000|  0%| F|  |TAMS 0x000000060e400000, 0x000000060e400000| Untracked 
|  42|0x000000060e800000, 0x000000060e800000, 0x000000060ec00000|  0%| F|  |TAMS 0x000000060e800000, 0x000000060e800000| Untracked 
|  43|0x000000060ec00000, 0x000000060ec00000, 0x000000060f000000|  0%| F|  |TAMS 0x000000060ec00000, 0x000000060ec00000| Untracked 
|  44|0x000000060f000000, 0x000000060f000000, 0x000000060f400000|  0%| F|  |TAMS 0x000000060f000000, 0x000000060f000000| Untracked 
|  45|0x000000060f400000, 0x000000060f400000, 0x000000060f800000|  0%| F|  |TAMS 0x000000060f400000, 0x000000060f400000| Untracked 
|  46|0x000000060f800000, 0x000000060f800000, 0x000000060fc00000|  0%| F|  |TAMS 0x000000060f800000, 0x000000060f800000| Untracked 
|  47|0x000000060fc00000, 0x000000060fc00000, 0x0000000610000000|  0%| F|  |TAMS 0x000000060fc00000, 0x000000060fc00000| Untracked 
|  48|0x0000000610000000, 0x0000000610000000, 0x0000000610400000|  0%| F|  |TAMS 0x0000000610000000, 0x0000000610000000| Untracked 
|  49|0x0000000610400000, 0x0000000610400000, 0x0000000610800000|  0%| F|  |TAMS 0x0000000610400000, 0x0000000610400000| Untracked 
|  50|0x0000000610800000, 0x0000000610800000, 0x0000000610c00000|  0%| F|  |TAMS 0x0000000610800000, 0x0000000610800000| Untracked 
|  51|0x0000000610c00000, 0x0000000610c00000, 0x0000000611000000|  0%| F|  |TAMS 0x0000000610c00000, 0x0000000610c00000| Untracked 
|  52|0x0000000611000000, 0x0000000611000000, 0x0000000611400000|  0%| F|  |TAMS 0x0000000611000000, 0x0000000611000000| Untracked 
|  53|0x0000000611400000, 0x0000000611400000, 0x0000000611800000|  0%| F|  |TAMS 0x0000000611400000, 0x0000000611400000| Untracked 
|  54|0x0000000611800000, 0x0000000611800000, 0x0000000611c00000|  0%| F|  |TAMS 0x0000000611800000, 0x0000000611800000| Untracked 
|  55|0x0000000611c00000, 0x0000000611c00000, 0x0000000612000000|  0%| F|  |TAMS 0x0000000611c00000, 0x0000000611c00000| Untracked 
|  56|0x0000000612000000, 0x0000000612000000, 0x0000000612400000|  0%| F|  |TAMS 0x0000000612000000, 0x0000000612000000| Untracked 
|  57|0x0000000612400000, 0x0000000612400000, 0x0000000612800000|  0%| F|  |TAMS 0x0000000612400000, 0x0000000612400000| Untracked 
|  58|0x0000000612800000, 0x0000000612800000, 0x0000000612c00000|  0%| F|  |TAMS 0x0000000612800000, 0x0000000612800000| Untracked 
|  59|0x0000000612c00000, 0x0000000612c00000, 0x0000000613000000|  0%| F|  |TAMS 0x0000000612c00000, 0x0000000612c00000| Untracked 
|  60|0x0000000613000000, 0x0000000613000000, 0x0000000613400000|  0%| F|  |TAMS 0x0000000613000000, 0x0000000613000000| Untracked 
|  61|0x0000000613400000, 0x0000000613400000, 0x0000000613800000|  0%| F|  |TAMS 0x0000000613400000, 0x0000000613400000| Untracked 
|  62|0x0000000613800000, 0x0000000613800000, 0x0000000613c00000|  0%| F|  |TAMS 0x0000000613800000, 0x0000000613800000| Untracked 
|  63|0x0000000613c00000, 0x0000000613c00000, 0x0000000614000000|  0%| F|  |TAMS 0x0000000613c00000, 0x0000000613c00000| Untracked 
|  64|0x0000000614000000, 0x0000000614000000, 0x0000000614400000|  0%| F|  |TAMS 0x0000000614000000, 0x0000000614000000| Untracked 
|  65|0x0000000614400000, 0x0000000614400000, 0x0000000614800000|  0%| F|  |TAMS 0x0000000614400000, 0x0000000614400000| Untracked 
|  66|0x0000000614800000, 0x0000000614800000, 0x0000000614c00000|  0%| F|  |TAMS 0x0000000614800000, 0x0000000614800000| Untracked 
|  67|0x0000000614c00000, 0x0000000614c00000, 0x0000000615000000|  0%| F|  |TAMS 0x0000000614c00000, 0x0000000614c00000| Untracked 
|  68|0x0000000615000000, 0x0000000615000000, 0x0000000615400000|  0%| F|  |TAMS 0x0000000615000000, 0x0000000615000000| Untracked 
|  69|0x0000000615400000, 0x0000000615400000, 0x0000000615800000|  0%| F|  |TAMS 0x0000000615400000, 0x0000000615400000| Untracked 
|  70|0x0000000615800000, 0x0000000615800000, 0x0000000615c00000|  0%| F|  |TAMS 0x0000000615800000, 0x0000000615800000| Untracked 
|  71|0x0000000615c00000, 0x0000000615c00000, 0x0000000616000000|  0%| F|  |TAMS 0x0000000615c00000, 0x0000000615c00000| Untracked 
|  72|0x0000000616000000, 0x0000000616000000, 0x0000000616400000|  0%| F|  |TAMS 0x0000000616000000, 0x0000000616000000| Untracked 
|  73|0x0000000616400000, 0x0000000616400000, 0x0000000616800000|  0%| F|  |TAMS 0x0000000616400000, 0x0000000616400000| Untracked 
|  74|0x0000000616800000, 0x0000000616800000, 0x0000000616c00000|  0%| F|  |TAMS 0x0000000616800000, 0x0000000616800000| Untracked 
|  75|0x0000000616c00000, 0x0000000616c00000, 0x0000000617000000|  0%| F|  |TAMS 0x0000000616c00000, 0x0000000616c00000| Untracked 
|  76|0x0000000617000000, 0x0000000617000000, 0x0000000617400000|  0%| F|  |TAMS 0x0000000617000000, 0x0000000617000000| Untracked 
|  77|0x0000000617400000, 0x0000000617400000, 0x0000000617800000|  0%| F|  |TAMS 0x0000000617400000, 0x0000000617400000| Untracked 
|  78|0x0000000617800000, 0x0000000617800000, 0x0000000617c00000|  0%| F|  |TAMS 0x0000000617800000, 0x0000000617800000| Untracked 
|  79|0x0000000617c00000, 0x0000000617c00000, 0x0000000618000000|  0%| F|  |TAMS 0x0000000617c00000, 0x0000000617c00000| Untracked 
|  80|0x0000000618000000, 0x0000000618000000, 0x0000000618400000|  0%| F|  |TAMS 0x0000000618000000, 0x0000000618000000| Untracked 
|  81|0x0000000618400000, 0x0000000618400000, 0x0000000618800000|  0%| F|  |TAMS 0x0000000618400000, 0x0000000618400000| Untracked 
|  82|0x0000000618800000, 0x0000000618800000, 0x0000000618c00000|  0%| F|  |TAMS 0x0000000618800000, 0x0000000618800000| Untracked 
|  83|0x0000000618c00000, 0x0000000618c00000, 0x0000000619000000|  0%| F|  |TAMS 0x0000000618c00000, 0x0000000618c00000| Untracked 
|  84|0x0000000619000000, 0x0000000619000000, 0x0000000619400000|  0%| F|  |TAMS 0x0000000619000000, 0x0000000619000000| Untracked 
|  85|0x0000000619400000, 0x0000000619400000, 0x0000000619800000|  0%| F|  |TAMS 0x0000000619400000, 0x0000000619400000| Untracked 
|  86|0x0000000619800000, 0x0000000619800000, 0x0000000619c00000|  0%| F|  |TAMS 0x0000000619800000, 0x0000000619800000| Untracked 
|  87|0x0000000619c00000, 0x0000000619c00000, 0x000000061a000000|  0%| F|  |TAMS 0x0000000619c00000, 0x0000000619c00000| Untracked 
|  88|0x000000061a000000, 0x000000061a000000, 0x000000061a400000|  0%| F|  |TAMS 0x000000061a000000, 0x000000061a000000| Untracked 
|  89|0x000000061a400000, 0x000000061a400000, 0x000000061a800000|  0%| F|  |TAMS 0x000000061a400000, 0x000000061a400000| Untracked 
|  90|0x000000061a800000, 0x000000061a800000, 0x000000061ac00000|  0%| F|  |TAMS 0x000000061a800000, 0x000000061a800000| Untracked 
|  91|0x000000061ac00000, 0x000000061ac00000, 0x000000061b000000|  0%| F|  |TAMS 0x000000061ac00000, 0x000000061ac00000| Untracked 
|  92|0x000000061b000000, 0x000000061b000000, 0x000000061b400000|  0%| F|  |TAMS 0x000000061b000000, 0x000000061b000000| Untracked 
|  93|0x000000061b400000, 0x000000061b400000, 0x000000061b800000|  0%| F|  |TAMS 0x000000061b400000, 0x000000061b400000| Untracked 
|  94|0x000000061b800000, 0x000000061b800000, 0x000000061bc00000|  0%| F|  |TAMS 0x000000061b800000, 0x000000061b800000| Untracked 
|  95|0x000000061bc00000, 0x000000061bc00000, 0x000000061c000000|  0%| F|  |TAMS 0x000000061bc00000, 0x000000061bc00000| Untracked 
|  96|0x000000061c000000, 0x000000061c000000, 0x000000061c400000|  0%| F|  |TAMS 0x000000061c000000, 0x000000061c000000| Untracked 
|  97|0x000000061c400000, 0x000000061c400000, 0x000000061c800000|  0%| F|  |TAMS 0x000000061c400000, 0x000000061c400000| Untracked 
|  98|0x000000061c800000, 0x000000061c800000, 0x000000061cc00000|  0%| F|  |TAMS 0x000000061c800000, 0x000000061c800000| Untracked 
|  99|0x000000061cc00000, 0x000000061cc00000, 0x000000061d000000|  0%| F|  |TAMS 0x000000061cc00000, 0x000000061cc00000| Untracked 
| 100|0x000000061d000000, 0x000000061d000000, 0x000000061d400000|  0%| F|  |TAMS 0x000000061d000000, 0x000000061d000000| Untracked 
| 101|0x000000061d400000, 0x000000061d400000, 0x000000061d800000|  0%| F|  |TAMS 0x000000061d400000, 0x000000061d400000| Untracked 
| 102|0x000000061d800000, 0x000000061d800000, 0x000000061dc00000|  0%| F|  |TAMS 0x000000061d800000, 0x000000061d800000| Untracked 
| 103|0x000000061dc00000, 0x000000061dc00000, 0x000000061e000000|  0%| F|  |TAMS 0x000000061dc00000, 0x000000061dc00000| Untracked 
| 104|0x000000061e000000, 0x000000061e000000, 0x000000061e400000|  0%| F|  |TAMS 0x000000061e000000, 0x000000061e000000| Untracked 
| 105|0x000000061e400000, 0x000000061e400000, 0x000000061e800000|  0%| F|  |TAMS 0x000000061e400000, 0x000000061e400000| Untracked 
| 106|0x000000061e800000, 0x000000061e800000, 0x000000061ec00000|  0%| F|  |TAMS 0x000000061e800000, 0x000000061e800000| Untracked 
| 107|0x000000061ec00000, 0x000000061ec00000, 0x000000061f000000|  0%| F|  |TAMS 0x000000061ec00000, 0x000000061ec00000| Untracked 
| 108|0x000000061f000000, 0x000000061f000000, 0x000000061f400000|  0%| F|  |TAMS 0x000000061f000000, 0x000000061f000000| Untracked 
| 109|0x000000061f400000, 0x000000061f400000, 0x000000061f800000|  0%| F|  |TAMS 0x000000061f400000, 0x000000061f400000| Untracked 
| 110|0x000000061f800000, 0x000000061f800000, 0x000000061fc00000|  0%| F|  |TAMS 0x000000061f800000, 0x000000061f800000| Untracked 
| 111|0x000000061fc00000, 0x000000061fc00000, 0x0000000620000000|  0%| F|  |TAMS 0x000000061fc00000, 0x000000061fc00000| Untracked 
| 112|0x0000000620000000, 0x0000000620000000, 0x0000000620400000|  0%| F|  |TAMS 0x0000000620000000, 0x0000000620000000| Untracked 
| 113|0x0000000620400000, 0x0000000620400000, 0x0000000620800000|  0%| F|  |TAMS 0x0000000620400000, 0x0000000620400000| Untracked 
| 114|0x0000000620800000, 0x0000000620800000, 0x0000000620c00000|  0%| F|  |TAMS 0x0000000620800000, 0x0000000620800000| Untracked 
| 115|0x0000000620c00000, 0x0000000620c00000, 0x0000000621000000|  0%| F|  |TAMS 0x0000000620c00000, 0x0000000620c00000| Untracked 
| 116|0x0000000621000000, 0x0000000621000000, 0x0000000621400000|  0%| F|  |TAMS 0x0000000621000000, 0x0000000621000000| Untracked 
| 117|0x0000000621400000, 0x0000000621800000, 0x0000000621800000|100%| S|CS|TAMS 0x0000000621400000, 0x0000000621400000| Complete 
| 118|0x0000000621800000, 0x0000000621c00000, 0x0000000621c00000|100%| S|CS|TAMS 0x0000000621800000, 0x0000000621800000| Complete 
| 119|0x0000000621c00000, 0x0000000621c00000, 0x0000000622000000|  0%| F|  |TAMS 0x0000000621c00000, 0x0000000621c00000| Untracked 
| 120|0x0000000622000000, 0x0000000622000000, 0x0000000622400000|  0%| F|  |TAMS 0x0000000622000000, 0x0000000622000000| Untracked 
| 121|0x0000000622400000, 0x0000000622400000, 0x0000000622800000|  0%| F|  |TAMS 0x0000000622400000, 0x0000000622400000| Untracked 
| 122|0x0000000622800000, 0x0000000622800000, 0x0000000622c00000|  0%| F|  |TAMS 0x0000000622800000, 0x0000000622800000| Untracked 
| 123|0x0000000622c00000, 0x0000000622c00000, 0x0000000623000000|  0%| F|  |TAMS 0x0000000622c00000, 0x0000000622c00000| Untracked 
| 124|0x0000000623000000, 0x0000000623000000, 0x0000000623400000|  0%| F|  |TAMS 0x0000000623000000, 0x0000000623000000| Untracked 
| 125|0x0000000623400000, 0x0000000623400000, 0x0000000623800000|  0%| F|  |TAMS 0x0000000623400000, 0x0000000623400000| Untracked 
| 126|0x0000000623800000, 0x0000000623800000, 0x0000000623c00000|  0%| F|  |TAMS 0x0000000623800000, 0x0000000623800000| Untracked 

Card table byte_map: [0x0000016c74fd0000,0x0000016c75fb0000] _byte_map_base: 0x0000016c71fb0000

Marking Bits (Prev, Next): (CMBitMap*) 0x0000016c5a6180c0, (CMBitMap*) 0x0000016c5a618100
 Prev Bits: [0x0000016c76f90000, 0x0000016c7ee90000)
 Next Bits: [0x0000016c00000000, 0x0000016c07f00000)

Polling page: 0x0000016c5a260000

Metaspace:

Usage:
  Non-class:      2.09 MB used.
      Class:    237.55 KB used.
       Both:      2.32 MB used.

Virtual space:
  Non-class space:        8.00 MB reserved,       2.19 MB ( 27%) committed,  1 nodes.
      Class space:        1.00 GB reserved,     320.00 KB ( <1%) committed,  1 nodes.
             Both:        1.01 GB reserved,       2.50 MB ( <1%) committed. 

Chunk freelists:
   Non-Class:  3.16 MB
       Class:  3.63 MB
        Both:  6.79 MB

MaxMetaspaceSize: unlimited
CompressedClassSpaceSize: 1.00 GB
Initial GC threshold: 21.00 MB
Current GC threshold: 21.00 MB
CDS: on
MetaspaceReclaimPolicy: balanced
 - commit_granule_bytes: 65536.
 - commit_granule_words: 8192.
 - virtual_space_node_default_size: 1048576.
 - enlarge_chunks_in_place: 1.
 - new_chunks_are_fully_committed: 0.
 - uncommit_free_chunks: 1.
 - use_allocation_guard: 0.
 - handle_deallocations: 1.


Internal statistics:

num_allocs_failed_limit: 0.
num_arena_births: 36.
num_arena_deaths: 0.
num_vsnodes_births: 2.
num_vsnodes_deaths: 0.
num_space_committed: 40.
num_space_uncommitted: 0.
num_chunks_returned_to_freelist: 0.
num_chunks_taken_from_freelist: 100.
num_chunk_merges: 0.
num_chunk_splits: 54.
num_chunks_enlarged: 37.
num_purges: 0.
num_inconsistent_stats: 0.

CodeHeap 'non-profiled nmethods': size=118848Kb used=493Kb max_used=493Kb free=118354Kb
 bounds [0x0000016c6b270000, 0x0000016c6b4e0000, 0x0000016c72680000]
CodeHeap 'profiled nmethods': size=118848Kb used=1422Kb max_used=1422Kb free=117425Kb
 bounds [0x0000016c63e60000, 0x0000016c640d0000, 0x0000016c6b270000]
CodeHeap 'non-nmethods': size=8064Kb used=3384Kb max_used=3408Kb free=4679Kb
 bounds [0x0000016c63680000, 0x0000016c639e0000, 0x0000016c63e60000]
 total_blobs=1365 nmethods=946 adapters=328
 compilation: enabled
              stopped_count=0, restarted_count=0
 full_count=0

Compilation events (20 events):
Event: 1.636 Thread 0x0000016c0ab53b20  925       1       java.nio.DirectByteBuffer::base (2 bytes)
Event: 1.636 Thread 0x0000016c0ab4b0c0  926       1       java.nio.ByteBuffer::base (5 bytes)
Event: 1.636 Thread 0x0000016c0ab54f60 nmethod 924 0x0000016c6b2ea690 code [0x0000016c6b2ea820, 0x0000016c6b2ea8f8]
Event: 1.636 Thread 0x0000016c0ab54f60  946       3       jdk.internal.misc.Unsafe::checkOffset (32 bytes)
Event: 1.636 Thread 0x0000016c0ab53610 nmethod 922 0x0000016c6b2ea990 code [0x0000016c6b2eab20, 0x0000016c6b2eabf8]
Event: 1.636 Thread 0x0000016c0ab53b20 nmethod 925 0x0000016c6b2eac90 code [0x0000016c6b2eae20, 0x0000016c6b2eaef8]
Event: 1.636 Thread 0x0000016c0aa54ef0 nmethod 923 0x0000016c6b2eaf90 code [0x0000016c6b2eb120, 0x0000016c6b2eb238]
Event: 1.636 Thread 0x0000016c0ab53610  952       3       java.nio.channels.spi.AbstractInterruptibleChannel::isOpen (13 bytes)
Event: 1.636 Thread 0x0000016c0ab53b20  954       3       java.nio.channels.spi.AbstractInterruptibleChannel::blockedOn (10 bytes)
Event: 1.636 Thread 0x0000016c0ab4b0c0 nmethod 926 0x0000016c6b2eb290 code [0x0000016c6b2eb420, 0x0000016c6b2eb4f8]
Event: 1.636 Thread 0x0000016c0aa54ef0  955       3       java.lang.System$2::blockedOn (5 bytes)
Event: 1.636 Thread 0x0000016c0ab4b0c0  956   !   3       java.lang.Thread::blockedOn (27 bytes)
Event: 1.637 Thread 0x0000016c0ab54f60 nmethod 946 0x0000016c63fc2390 code [0x0000016c63fc2540, 0x0000016c63fc27c8]
Event: 1.637 Thread 0x0000016c0ab54f60  959       3       sun.nio.ch.Util::isBufferTooLarge (15 bytes)
Event: 1.637 Thread 0x0000016c0ab53610 nmethod 952 0x0000016c63fc2910 code [0x0000016c63fc2aa0, 0x0000016c63fc2c18]
Event: 1.637 Thread 0x0000016c0aa54ef0 nmethod 955 0x0000016c63fc2c90 code [0x0000016c63fc2e20, 0x0000016c63fc2f68]
Event: 1.637 Thread 0x0000016c0ab53610  961       3       java.util.HashMap::putIfAbsent (13 bytes)
Event: 1.637 Thread 0x0000016c0aa54ef0  948       3       sun.nio.ch.FileChannelImpl::ensureOpen (16 bytes)
Event: 1.637 Thread 0x0000016c0ab53b20 nmethod 954 0x0000016c63fc3010 code [0x0000016c63fc31c0, 0x0000016c63fc3408]
Event: 1.637 Thread 0x0000016c0ab4b0c0 nmethod 956 0x0000016c63fc3590 code [0x0000016c63fc3740, 0x0000016c63fc3998]

GC Heap History (9 events):
Event: 0.799 GC heap before
{Heap before GC invocations=0 (full 0):
 garbage-first heap   total 520192K, used 24576K [0x0000000604000000, 0x0000000800000000)
  region size 4096K, 6 young (24576K), 0 survivors (0K)
 Metaspace       used 930K, committed 1024K, reserved 1056768K
  class space    used 82K, committed 128K, reserved 1048576K
}
Event: 0.810 GC heap after
{Heap after GC invocations=1 (full 0):
 garbage-first heap   total 520192K, used 17104K [0x0000000604000000, 0x0000000800000000)
  region size 4096K, 1 young (4096K), 1 survivors (4096K)
 Metaspace       used 930K, committed 1024K, reserved 1056768K
  class space    used 82K, committed 128K, reserved 1048576K
}
Event: 0.890 GC heap before
{Heap before GC invocations=1 (full 0):
 garbage-first heap   total 520192K, used 37584K [0x0000000604000000, 0x0000000800000000)
  region size 4096K, 6 young (24576K), 1 survivors (4096K)
 Metaspace       used 930K, committed 1024K, reserved 1056768K
  class space    used 82K, committed 128K, reserved 1048576K
}
Event: 0.896 GC heap after
{Heap after GC invocations=2 (full 0):
 garbage-first heap   total 520192K, used 29960K [0x0000000604000000, 0x0000000800000000)
  region size 4096K, 1 young (4096K), 1 survivors (4096K)
 Metaspace       used 930K, committed 1024K, reserved 1056768K
  class space    used 82K, committed 128K, reserved 1048576K
}
Event: 0.946 GC heap before
{Heap before GC invocations=2 (full 0):
 garbage-first heap   total 520192K, used 50440K [0x0000000604000000, 0x0000000800000000)
  region size 4096K, 6 young (24576K), 1 survivors (4096K)
 Metaspace       used 938K, committed 1024K, reserved 1056768K
  class space    used 82K, committed 128K, reserved 1048576K
}
Event: 0.953 GC heap after
{Heap after GC invocations=3 (full 0):
 garbage-first heap   total 520192K, used 43820K [0x0000000604000000, 0x0000000800000000)
  region size 4096K, 1 young (4096K), 1 survivors (4096K)
 Metaspace       used 938K, committed 1024K, reserved 1056768K
  class space    used 82K, committed 128K, reserved 1048576K
}
Event: 1.125 GC heap before
{Heap before GC invocations=3 (full 0):
 garbage-first heap   total 520192K, used 80684K [0x0000000604000000, 0x0000000800000000)
  region size 4096K, 10 young (40960K), 1 survivors (4096K)
 Metaspace       used 1098K, committed 1280K, reserved 1056768K
  class space    used 101K, committed 192K, reserved 1048576K
}
Event: 1.136 GC heap after
{Heap after GC invocations=4 (full 0):
 garbage-first heap   total 520192K, used 66751K [0x0000000604000000, 0x0000000800000000)
  region size 4096K, 2 young (8192K), 2 survivors (8192K)
 Metaspace       used 1098K, committed 1280K, reserved 1056768K
  class space    used 101K, committed 192K, reserved 1048576K
}
Event: 1.637 GC heap before
{Heap before GC invocations=4 (full 0):
 garbage-first heap   total 520192K, used 99519K [0x0000000604000000, 0x0000000800000000)
  region size 4096K, 10 young (40960K), 2 survivors (8192K)
 Metaspace       used 2379K, committed 2560K, reserved 1056768K
  class space    used 237K, committed 320K, reserved 1048576K
}

Deoptimization events (20 events):
Event: 1.580 Thread 0x0000016c5a59f060 Uncommon trap: trap_request=0xffffffc6 fr.pc=0x0000016c6b2def8c relative=0x000000000000078c
Event: 1.580 Thread 0x0000016c5a59f060 Uncommon trap: reason=bimorphic_or_optimized_type_check action=maybe_recompile pc=0x0000016c6b2def8c method=java.util.HashMap.getNode(Ljava/lang/Object;)Ljava/util/HashMap$Node; @ 63 c2
Event: 1.580 Thread 0x0000016c5a59f060 DEOPT PACKING pc=0x0000016c6b2def8c sp=0x0000000cc0cfe670
Event: 1.580 Thread 0x0000016c5a59f060 DEOPT UNPACKING pc=0x0000016c636d23a3 sp=0x0000000cc0cfe608 mode 2
Event: 1.580 Thread 0x0000016c5a59f060 Uncommon trap: trap_request=0xffffffc6 fr.pc=0x0000016c6b2df218 relative=0x0000000000000a18
Event: 1.580 Thread 0x0000016c5a59f060 Uncommon trap: reason=bimorphic_or_optimized_type_check action=maybe_recompile pc=0x0000016c6b2df218 method=java.util.HashMap.getNode(Ljava/lang/Object;)Ljava/util/HashMap$Node; @ 128 c2
Event: 1.580 Thread 0x0000016c5a59f060 DEOPT PACKING pc=0x0000016c6b2df218 sp=0x0000000cc0cfe670
Event: 1.580 Thread 0x0000016c5a59f060 DEOPT UNPACKING pc=0x0000016c636d23a3 sp=0x0000000cc0cfe608 mode 2
Event: 1.580 Thread 0x0000016c5a59f060 Uncommon trap: trap_request=0xffffffc6 fr.pc=0x0000016c6b2df218 relative=0x0000000000000a18
Event: 1.580 Thread 0x0000016c5a59f060 Uncommon trap: reason=bimorphic_or_optimized_type_check action=maybe_recompile pc=0x0000016c6b2df218 method=java.util.HashMap.getNode(Ljava/lang/Object;)Ljava/util/HashMap$Node; @ 128 c2
Event: 1.580 Thread 0x0000016c5a59f060 DEOPT PACKING pc=0x0000016c6b2df218 sp=0x0000000cc0cfe670
Event: 1.580 Thread 0x0000016c5a59f060 DEOPT UNPACKING pc=0x0000016c636d23a3 sp=0x0000000cc0cfe608 mode 2
Event: 1.580 Thread 0x0000016c5a59f060 Uncommon trap: trap_request=0xffffffc6 fr.pc=0x0000016c6b2def8c relative=0x000000000000078c
Event: 1.580 Thread 0x0000016c5a59f060 Uncommon trap: reason=bimorphic_or_optimized_type_check action=maybe_recompile pc=0x0000016c6b2def8c method=java.util.HashMap.getNode(Ljava/lang/Object;)Ljava/util/HashMap$Node; @ 63 c2
Event: 1.580 Thread 0x0000016c5a59f060 DEOPT PACKING pc=0x0000016c6b2def8c sp=0x0000000cc0cfe670
Event: 1.580 Thread 0x0000016c5a59f060 DEOPT UNPACKING pc=0x0000016c636d23a3 sp=0x0000000cc0cfe608 mode 2
Event: 1.600 Thread 0x0000016c5a59f060 Uncommon trap: trap_request=0xffffff45 fr.pc=0x0000016c6b295548 relative=0x0000000000000128
Event: 1.600 Thread 0x0000016c5a59f060 Uncommon trap: reason=unstable_if action=reinterpret pc=0x0000016c6b295548 method=java.lang.String.startsWith(Ljava/lang/String;I)Z @ 1 c2
Event: 1.600 Thread 0x0000016c5a59f060 DEOPT PACKING pc=0x0000016c6b295548 sp=0x0000000cc0cfea70
Event: 1.600 Thread 0x0000016c5a59f060 DEOPT UNPACKING pc=0x0000016c636d23a3 sp=0x0000000cc0cfe9d8 mode 2

Classes unloaded (0 events):
No events

Classes redefined (0 events):
No events

Internal exceptions (10 events):
Event: 0.475 Thread 0x0000016c5a59f060 Exception <a 'java/lang/NoSuchMethodError'{0x0000000623b52d10}: 'void java.lang.invoke.DirectMethodHandle$Holder.invokeStatic(java.lang.Object, java.lang.Object)'> (0x0000000623b52d10) 
thrown [t:\workspace\open\src\hotspot\share\interpreter\linkResolver.cpp, line 766]
Event: 0.714 Thread 0x0000016c5a59f060 Exception <a 'java/lang/NoSuchMethodError'{0x0000000622a63cd8}: 'void java.lang.invoke.DirectMethodHandle$Holder.invokeStatic(java.lang.Object, java.lang.Object, java.lang.Object, java.lang.Object)'> (0x0000000622a63cd8) 
thrown [t:\workspace\open\src\hotspot\share\interpreter\linkResolver.cpp, line 766]
Event: 1.069 Thread 0x0000016c5a59f060 Exception <a 'java/lang/NoSuchMethodError'{0x0000000621f71900}: 'java.lang.Object java.lang.invoke.DirectMethodHandle$Holder.newInvokeSpecial(java.lang.Object, java.lang.Object, int, int)'> (0x0000000621f71900) 
thrown [t:\workspace\open\src\hotspot\share\interpreter\linkResolver.cpp, line 766]
Event: 1.075 Thread 0x0000016c5a59f060 Exception <a 'java/lang/NoSuchMethodError'{0x0000000621fe7878}: 'void java.lang.invoke.DirectMethodHandle$Holder.invokeStatic(java.lang.Object, java.lang.Object, int, int, java.lang.Object)'> (0x0000000621fe7878) 
thrown [t:\workspace\open\src\hotspot\share\interpreter\linkResolver.cpp, line 766]
Event: 1.268 Thread 0x0000016c5a59f060 Exception <a 'java/lang/NoSuchMethodError'{0x00000006222d3a78}: 'java.lang.Object java.lang.invoke.DirectMethodHandle$Holder.invokeStatic(java.lang.Object, java.lang.Object, int, java.lang.Object)'> (0x00000006222d3a78) 
thrown [t:\workspace\open\src\hotspot\share\interpreter\linkResolver.cpp, line 766]
Event: 1.271 Thread 0x0000016c5a59f060 Exception <a 'java/lang/NoSuchMethodError'{0x00000006222db188}: 'java.lang.Object java.lang.invoke.DirectMethodHandle$Holder.newInvokeSpecial(java.lang.Object, java.lang.Object, int)'> (0x00000006222db188) 
thrown [t:\workspace\open\src\hotspot\share\interpreter\linkResolver.cpp, line 766]
Event: 1.365 Thread 0x0000016c5a59f060 Exception <a 'java/lang/NoSuchMethodError'{0x00000006223bf568}: 'void java.lang.invoke.DirectMethodHandle$Holder.invokeStatic(java.lang.Object, java.lang.Object, java.lang.Object)'> (0x00000006223bf568) 
thrown [t:\workspace\open\src\hotspot\share\interpreter\linkResolver.cpp, line 766]
Event: 1.454 Thread 0x0000016c5a59f060 Exception <a 'java/lang/NoSuchMethodError'{0x00000006223e38e0}: 'java.lang.Object java.lang.invoke.DirectMethodHandle$Holder.invokeStaticInit(java.lang.Object)'> (0x00000006223e38e0) 
thrown [t:\workspace\open\src\hotspot\share\interpreter\linkResolver.cpp, line 766]
Event: 1.469 Thread 0x0000016c5a59f060 Exception <a 'java/lang/NoSuchMethodError'{0x0000000621c447f0}: 'java.lang.Object java.lang.invoke.DirectMethodHandle$Holder.invokeInterface(java.lang.Object, java.lang.Object)'> (0x0000000621c447f0) 
thrown [t:\workspace\open\src\hotspot\share\interpreter\linkResolver.cpp, line 766]
Event: 1.555 Thread 0x0000016c5a59f060 Exception <a 'java/lang/NoSuchMethodError'{0x0000000621e8e280}: 'void java.lang.invoke.DirectMethodHandle$Holder.invokeVirtual(java.lang.Object, java.lang.Object)'> (0x0000000621e8e280) 
thrown [t:\workspace\open\src\hotspot\share\interpreter\linkResolver.cpp, line 766]

VM Operations (17 events):
Event: 0.220 Executing VM operation: HandshakeAllThreads
Event: 0.220 Executing VM operation: HandshakeAllThreads done
Event: 0.680 Executing VM operation: HandshakeAllThreads
Event: 0.680 Executing VM operation: HandshakeAllThreads done
Event: 0.792 Executing VM operation: HandshakeAllThreads
Event: 0.792 Executing VM operation: HandshakeAllThreads done
Event: 0.799 Executing VM operation: G1CollectForAllocation
Event: 0.810 Executing VM operation: G1CollectForAllocation done
Event: 0.890 Executing VM operation: G1CollectForAllocation
Event: 0.896 Executing VM operation: G1CollectForAllocation done
Event: 0.946 Executing VM operation: G1CollectForAllocation
Event: 0.953 Executing VM operation: G1CollectForAllocation done
Event: 1.125 Executing VM operation: G1CollectForAllocation
Event: 1.136 Executing VM operation: G1CollectForAllocation done
Event: 1.384 Executing VM operation: HandshakeAllThreads
Event: 1.384 Executing VM operation: HandshakeAllThreads done
Event: 1.637 Executing VM operation: G1CollectForAllocation

Events (20 events):
Event: 1.569 loading class java/util/zip/Checksum
Event: 1.569 loading class java/util/zip/Checksum done
Event: 1.569 loading class java/util/zip/CRC32 done
Event: 1.569 loading class sun/util/calendar/ZoneInfoFile$Checksum done
Event: 1.569 loading class java/util/zip/Checksum$1
Event: 1.570 loading class java/util/zip/Checksum$1 done
Event: 1.571 loading class java/time/zone/ZoneRulesProvider
Event: 1.571 loading class java/time/zone/ZoneRulesProvider done
Event: 1.571 loading class java/time/zone/ZoneRulesProvider$1
Event: 1.571 loading class java/time/zone/ZoneRulesProvider$1 done
Event: 1.571 loading class java/time/zone/TzdbZoneRulesProvider
Event: 1.571 loading class java/time/zone/TzdbZoneRulesProvider done
Event: 1.577 loading class java/time/zone/Ser
Event: 1.577 loading class java/io/Externalizable
Event: 1.577 loading class java/io/Externalizable done
Event: 1.577 loading class java/time/zone/Ser done
Event: 1.578 loading class java/time/zone/ZoneOffsetTransition
Event: 1.579 loading class java/time/zone/ZoneOffsetTransition done
Event: 1.580 loading class java/util/concurrent/TimeUnit$1
Event: 1.580 loading class java/util/concurrent/TimeUnit$1 done


Dynamic libraries:
0x00007ff7793c0000 - 0x00007ff7793d0000 	C:\Program Files\Java\jdk-17\bin\java.exe
0x00007ffcf1e20000 - 0x00007ffcf2086000 	C:\WINDOWS\SYSTEM32\ntdll.dll
0x00007ffcf11b0000 - 0x00007ffcf1279000 	C:\WINDOWS\System32\KERNEL32.DLL
0x00007ffcef520000 - 0x00007ffcef91f000 	C:\WINDOWS\System32\KERNELBASE.dll
0x00007ffcef0c0000 - 0x00007ffcef20c000 	C:\WINDOWS\System32\ucrtbase.dll
0x00007ffbc9aa0000 - 0x00007ffbc9ab8000 	C:\Program Files\Java\jdk-17\bin\jli.dll
0x00007ffcf0890000 - 0x00007ffcf094c000 	C:\WINDOWS\System32\ADVAPI32.dll
0x00007ffcefd80000 - 0x00007ffcefe29000 	C:\WINDOWS\System32\msvcrt.dll
0x00007ffcf10f0000 - 0x00007ffcf119a000 	C:\WINDOWS\System32\sechost.dll
0x00007ffcf1a20000 - 0x00007ffcf1b38000 	C:\WINDOWS\System32\RPCRT4.dll
0x00007ffcf1350000 - 0x00007ffcf1516000 	C:\WINDOWS\System32\USER32.dll
0x00007ffcefb20000 - 0x00007ffcefb47000 	C:\WINDOWS\System32\win32u.dll
0x00007ffccdd20000 - 0x00007ffccdd3a000 	C:\Program Files\Java\jdk-17\bin\VCRUNTIME140.dll
0x00007ffcf06d0000 - 0x00007ffcf06fb000 	C:\WINDOWS\System32\GDI32.dll
0x00007ffcef9f0000 - 0x00007ffcefb19000 	C:\WINDOWS\System32\gdi32full.dll
0x00007ffcccd60000 - 0x00007ffcccff1000 	C:\WINDOWS\WinSxS\amd64_microsoft.windows.common-controls_6595b64144ccf1df_6.0.26100.8972_none_3e0da176e32f9d4b\COMCTL32.dll
0x00007ffcef3b0000 - 0x00007ffcef453000 	C:\WINDOWS\System32\msvcp_win.dll
0x00007ffce3d20000 - 0x00007ffce3d2b000 	C:\WINDOWS\SYSTEM32\VERSION.dll
0x00007ffcf1520000 - 0x00007ffcf1552000 	C:\WINDOWS\System32\IMM32.DLL
0x00007ffbc9a90000 - 0x00007ffbc9a9c000 	C:\Program Files\Java\jdk-17\bin\vcruntime140_1.dll
0x00007ffba6f40000 - 0x00007ffba6fcd000 	C:\Program Files\Java\jdk-17\bin\msvcp140.dll
0x00007ffb50cd0000 - 0x00007ffb5188e000 	C:\Program Files\Java\jdk-17\bin\server\jvm.dll
0x00007ffcf1560000 - 0x00007ffcf1568000 	C:\WINDOWS\System32\PSAPI.DLL
0x00007ffc1c2f0000 - 0x00007ffc1c2fa000 	C:\WINDOWS\SYSTEM32\WSOCK32.dll
0x00007ffcf1b40000 - 0x00007ffcf1bc2000 	C:\WINDOWS\System32\WS2_32.dll
0x00007ffce2ba0000 - 0x00007ffce2bd6000 	C:\WINDOWS\SYSTEM32\WINMM.dll
0x00007ffcedce0000 - 0x00007ffcedcfb000 	C:\WINDOWS\SYSTEM32\kernel.appcore.dll
0x00007ffbc9a80000 - 0x00007ffbc9a8a000 	C:\Program Files\Java\jdk-17\bin\jimage.dll
0x00007ffcec450000 - 0x00007ffcec692000 	C:\WINDOWS\SYSTEM32\DBGHELP.DLL
0x00007ffcf0010000 - 0x00007ffcf0395000 	C:\WINDOWS\System32\combase.dll
0x00007ffcefc20000 - 0x00007ffcefcf9000 	C:\WINDOWS\System32\OLEAUT32.dll
0x00007ffcc9f30000 - 0x00007ffcc9f6b000 	C:\WINDOWS\SYSTEM32\dbgcore.DLL
0x00007ffcef930000 - 0x00007ffcef9dc000 	C:\WINDOWS\System32\bcryptPrimitives.dll
0x00007ffba74a0000 - 0x00007ffba74c5000 	C:\Program Files\Java\jdk-17\bin\java.dll
0x00007ffba6d80000 - 0x00007ffba6e56000 	C:\Program Files\Java\jdk-17\bin\svml.dll
0x00007ffcf0960000 - 0x00007ffcf10e8000 	C:\WINDOWS\System32\SHELL32.dll
0x00007ffcecaa0000 - 0x00007ffced33b000 	C:\WINDOWS\SYSTEM32\windows.storage.dll
0x00007ffcefe30000 - 0x00007ffceff29000 	C:\WINDOWS\System32\SHCORE.dll
0x00007ffcefbb0000 - 0x00007ffcefc16000 	C:\WINDOWS\System32\shlwapi.dll
0x00007ffceef50000 - 0x00007ffceef79000 	C:\WINDOWS\SYSTEM32\profapi.dll
0x00007ffba6f20000 - 0x00007ffba6f39000 	C:\Program Files\Java\jdk-17\bin\net.dll
0x00007ffce41e0000 - 0x00007ffce4308000 	C:\WINDOWS\SYSTEM32\WINHTTP.dll
0x00007ffcee270000 - 0x00007ffcee2dc000 	C:\WINDOWS\system32\mswsock.dll
0x00007ffba6f00000 - 0x00007ffba6f15000 	C:\Program Files\Java\jdk-17\bin\nio.dll
0x00007ffba7480000 - 0x00007ffba7498000 	C:\Program Files\Java\jdk-17\bin\zip.dll
0x00007ffba6ef0000 - 0x00007ffba6f00000 	C:\Program Files\Java\jdk-17\bin\verify.dll

dbghelp: loaded successfully - version: 4.0.5 - missing functions: none
symbol engine: initialized successfully - sym options: 0x614 - pdb path: .;C:\Program Files\Java\jdk-17\bin;C:\WINDOWS\SYSTEM32;C:\WINDOWS\WinSxS\amd64_microsoft.windows.common-controls_6595b64144ccf1df_6.0.26100.8972_none_3e0da176e32f9d4b;C:\Program Files\Java\jdk-17\bin\server

VM Arguments:
jvm_args: -Dstderr.encoding=UTF-8 -Dstdout.encoding=UTF-8 -Dfile.encoding=UTF-8 -Duser.country=CN -Duser.language=zh -Duser.variant 
java_command: C:\Users\MKIII\.gradle\caches\modules-2\files-2.1\net.neoforged\AutoRenamingTool\2.0.4\12da27cc4caf32e429af9a91f79e1f66a965e667\AutoRenamingTool-2.0.4-all.jar --input E:\Mod\maid_file_manager-fabric-1.20\common\build\devlibs\maid_file_manager-common-1.20.1-1.2.0.jar --output E:\Mod\maid_file_manager-fabric-1.20\common\build\libs\maid_file_manager-common-1.20.1-1.2.0.jar --names E:\Mod\maid_file_manager-fabric-1.20\common\build\moddev\artifacts\namedToIntermediate.tsrg --lib E:\Mod\maid_file_manager-fabric-1.20\libs\touhoulittlemaid-1.5.3.jar --lib E:\Mod\maid_file_manager-fabric-1.20\common\build\moddev\artifacts\vanilla-1.20.1.jar --lib C:\Users\MKIII\.gradle\caches\modules-2\files-2.1\org.spongepowered\mixin\0.8.5\9d1c0c3a304ae6697ecd477218fa61b850bf57fc\mixin-0.8.5.jar --lib C:\Users\MKIII\.gradle\caches\modules-2\files-2.1\com.google.code.findbugs\jsr305\3.0.2\25ea2e8b0c338a877313bd4672d3fe056ea78f0d\jsr305-3.0.2.jar --lib C:\Users\MKIII\.gradle\caches\modules-2\files-2.1\ca.weblite\java-objc-bridge\1.1\1227f9e0666314f9de41477e3ec277e542ed7f7b\java-objc-bridge-1.1.jar --lib C:\Users\MKIII\.gradle\caches\modules-2\files-2.1\net.minecraftforge\mergetool\1.1.7\fe2225c1a7834ee20d5a1e2630bcca798367d962\mergetool-1.1.7.jar --lib C:\Users\MKIII\.gradle\caches\modules-2\files-2.1\org.jetbrains\annotations\24.0.1\13c5c75c4206580aa4d683bffee658caae6c9f43\annotations-24.0.1.jar --lib C:\Users\MKIII\.gradle\caches\modules-2\files-2.1\net.java.dev.jna\jna\5.10.0\7cf4c87dd802db50721db66947aa237d7ad09418\jna-5.10.0.jar --lib C:\Users\MKIII\.gradle\caches\modules-2\files-2.1\com.github.oshi\oshi-core\6.2.2\54f5efc19bca95d709d9a37d19ffcbba3d21c1a6\oshi-core-6.2.2.jar --lib C:\Users\MKIII\.gradle\caches\modules-2\files-2.1\com.google.code.gson\gson\2.10\dd9b193aef96e973d5a11ab13cd17430c2e4306b\gson-2.10.jar --lib C:\Users\MKIII\.gradle\caches\modules-2\files-2.1\com.google.guava\failureaccess\1.0.1\1dcf1de382a0bf95a3d8b0849546c88bac1292c9\failureaccess-1.0.1.jar -
java_class_path (initial): C:\Users\MKIII\.gradle\caches\modules-2\files-2.1\net.neoforged\AutoRenamingTool\2.0.4\12da27cc4caf32e429af9a91f79e1f66a965e667\AutoRenamingTool-2.0.4-all.jar
Launcher Type: SUN_STANDARD

[Global flags]
     intx CICompilerCount                          = 15                                        {product} {ergonomic}
     uint ConcGCThreads                            = 6                                         {product} {ergonomic}
     uint G1ConcRefinementThreads                  = 23                                        {product} {ergonomic}
   size_t G1HeapRegionSize                         = 4194304                                   {product} {ergonomic}
    uintx GCDrainStackTargetSize                   = 64                                        {product} {ergonomic}
   size_t InitialHeapSize                          = 532676608                                 {product} {ergonomic}
   size_t MarkStackSize                            = 4194304                                   {product} {ergonomic}
   size_t MaxHeapSize                              = 8522825728                                {product} {ergonomic}
   size_t MaxNewSize                               = 5112856576                                {product} {ergonomic}
   size_t MinHeapDeltaBytes                        = 4194304                                   {product} {ergonomic}
   size_t MinHeapSize                              = 8388608                                   {product} {ergonomic}
    uintx NonNMethodCodeHeapSize                   = 8192380                                {pd product} {ergonomic}
    uintx NonProfiledCodeHeapSize                  = 121732930                              {pd product} {ergonomic}
    uintx ProfiledCodeHeapSize                     = 121732930                              {pd product} {ergonomic}
    uintx ReservedCodeCacheSize                    = 251658240                              {pd product} {ergonomic}
     bool SegmentedCodeCache                       = true                                      {product} {ergonomic}
   size_t SoftMaxHeapSize                          = 8522825728                             {manageable} {ergonomic}
     bool UseCompressedClassPointers               = true                           {product lp64_product} {ergonomic}
     bool UseCompressedOops                        = true                           {product lp64_product} {ergonomic}
     bool UseG1GC                                  = true                                      {product} {ergonomic}
     bool UseLargePagesIndividualAllocation        = false                                  {pd product} {ergonomic}

Logging:
Log output configuration:
 #0: stdout all=warning uptime,level,tags
 #1: stderr all=off uptime,level,tags

Environment Variables:
JAVA_HOME=D:\\Program Files\\Java\\jdk-25
CLASSPATH=E:\Mod\maid_file_manager-fabric-1.20\\gradle\wrapper\gradle-wrapper.jar
PATH=D:\\Program Files\\Java\\jdk-25\\bin;C:\\Users\\MKIII\\.trae-cn\\tools\\maven\\latest\\bin;C:\\Users\\MKIII\\.trae-cn\\tools\\gradle\\latest\\bin;c:\\Users\\MKIII\\.trae-cn\\tools\\trae-gopls\\current;c:\\Users\\MKIII\\.trae-cn\\sdks\\workspaces\\77db0be8\\versions\\node\\current;c:\\Users\\MKIII\\.trae-cn\\sdks\\versions\\node\\current;C:\Program Files\WindowsApps\Microsoft.PowerShell_7.6.5.0_x64__8wekyb3d8bbwe;D:\Program Files\Java\jdk-25\bin;C:\Users\MKIII\.trae-cn\tools\maven\latest\bin;C:\Users\MKIII\.trae-cn\tools\gradle\latest\bin;c:\Users\MKIII\.trae-cn\tools\trae-gopls\current;c:\Users\MKIII\.trae-cn\sdks\workspaces\77db0be8\versions\node\current;c:\Users\MKIII\.trae-cn\sdks\versions\node\current;C:\Program Files\Common Files\Oracle\Java\javapath;C:\WINDOWS\system32;C:\WINDOWS;C:\WINDOWS\System32\Wbem;C:\WINDOWS\System32\WindowsPowerShell\v1.0\;C:\WINDOWS\System32\OpenSSH\;C:\Program Files (x86)\NVIDIA Corporation\PhysX\Common;D:\Program Files\Java\jdk-25\bin;C:\Program Files\Redis\;C:\Program Files\nodejs\;C:\Program Files\dotnet\;C:\Program Files\Git\cmd;C:\Program Files\NVIDIA Corporation\NVIDIA App\NvDLISR;C:\Users\MKIII\AppData\Local\Programs\Python\Python312\Scripts\;C:\Users\MKIII\AppData\Local\Programs\Python\Python312\;C:\Users\MKIII\.local\bin;%USERPROFILE%\AppData\Local\Microsoft\WindowsApps;C:\Users\MKIII\AppData\Local\Programs\Microsoft VS Code\bin;C:\Users\MKIII\AppData\Roaming\npm;E:\cursor\resources\app\bin;C:\Users\MKIII\AppData\Local\WaLiCode;c:\Users\MKIII\.trae-cn\extensions\vscjava.vscode-java-debug-0.59.0-universal\bundled\scripts\noConfigScripts;e:\Trae CN\resources\app\node_modules\@vscode\ripgrep\bin
USERNAME=MKIII
LANG=zh_CN.UTF-8
OS=Windows_NT
PROCESSOR_IDENTIFIER=Intel64 Family 6 Model 183 Stepping 1, GenuineIntel



---------------  S Y S T E M  ---------------

OS:
 Windows 10 , 64 bit Build 26100 (10.0.26100.9168)
OS uptime: 0 days 7:23 hours
Hyper-V role detected

CPU: total 32 (initial active 32) (16 cores per cpu, 2 threads per core) family 6 model 183 stepping 1 microcode 0x123, cx8, cmov, fxsr, ht, mmx, 3dnowpref, sse, sse2, sse3, ssse3, sse4.1, sse4.2, popcnt, lzcnt, tsc, tscinvbit, avx, avx2, aes, erms, clmul, bmi1, bmi2, adx, sha, fma, vzeroupper, clflush, clflushopt, clwb, hv

Memory: 4k page, system-wide physical 32499M (2067M free)
TotalPageFile size 64337M (AvailPageFile size 173M)
current process WorkingSet (physical memory assigned to process): 177M, peak: 177M
current process commit charge ("private bytes"): 653M, peak: 1009M

vm_info: Java HotSpot(TM) 64-Bit Server VM (17+35-LTS-2724) for windows-amd64 JRE (17+35-LTS-2724), built on Aug  5 2021 23:28:28 by "mach5one" with MS VC++ 16.8 (VS2019)

END.
